HISTORY r030_fine 0 6.129202367156326e-13
HISTORY r030_fine 1 5.826530472375541e-13
HISTORY r030_fine 2 5.98239728330637e-13
HISTORY r030_fine 3 5.97306443998648e-13
HISTORY r030_fine 4 6.524074983326062e-13
HISTORY r030_fine 5 6.440280466202998e-13
HISTORY r030_fine 6 5.790752462251538e-13
HISTORY r030_fine 7 6.869003128749268e-13
HISTORY r030_fine 8 5.989121866995323e-13
HISTORY r030_fine 9 6.565646402703475e-13
HISTORY r030_fine 10 6.144194416447035e-13
HISTORY r030_fine 11 6.221981470481319e-13
HISTORY r030_fine 12 6.259998795774168e-13
HISTORY r030_fine 13 6.305746035004597e-13
HISTORY r030_fine 14 1.1310205214280892e-12
HISTORY r030_fine 15 6.080376819249731e-13
HISTORY r030_fine 16 1.6626308424652395e-12
HISTORY r030_fine 17 6.135717101413232e-13
HISTORY r030_fine 18 4.896539520417228e-12
HISTORY r030_fine 19 6.274021661330719e-13
HISTORY r030_fine 20 9.89094195706818e-12
HISTORY r030_fine 21 2.0437763590476328e-12
HISTORY r030_fine 22 7.853938438003905e-12
HISTORY r030_fine 23 3.5773232513248943e-12
HISTORY r030_fine 24 1.436774251954037e-11
HISTORY r030_fine 25 9.334577164994892e-12
HISTORY r030_fine 26 1.2167088464890436e-11
HISTORY r030_fine 27 8.000940632682522e-12
HISTORY r030_fine 28 1.1347441357124852e-11
HISTORY r030_fine 29 1.4307476703152725e-11
HISTORY r030_fine 30 1.1736280693636475e-11
HISTORY r030_fine 31 1.6332686095224854e-11
HISTORY r030_fine 32 8.706685513109129e-12
HISTORY r030_fine 33 1.6784068687474287e-11
HISTORY r030_fine 34 1.0055485155202683e-11
HISTORY r030_fine 35 1.3615102452881979e-11
HISTORY r030_fine 36 1.4615506816818806e-11
HISTORY r030_fine 37 1.562930454995565e-11
HISTORY r030_fine 38 8.293224949217974e-12
HISTORY r030_fine 39 9.433026164760686e-12
HISTORY r030_fine 40 6.194183990982381e-12
HISTORY r030_fine 41 7.76361940738946e-12
HISTORY r030_fine 42 3.8271490004150356e-12
HISTORY r030_fine 43 3.5224455383946815e-12
HISTORY r030_fine 44 4.2453912223849624e-12
HISTORY r030_fine 45 2.2967850066942793e-12
HISTORY r030_fine 46 2.547563035642463e-12
HISTORY r030_fine 47 2.2181235119378894e-12
HISTORY r030_fine 48 1.7271418654601015e-12
HISTORY r030_fine 49 1.7980348334449572e-12
HISTORY r030_fine 50 2.5395030048039338e-12
HISTORY r030_fine 51 3.202167404883427e-12
HISTORY r030_fine 52 5.319863796500342e-12
HISTORY r030_fine 53 6.882422185110409e-12
HISTORY r030_fine 54 9.709099562556432e-12
HISTORY r030_fine 55 1.3048328529899846e-11
HISTORY r030_fine 56 1.6802517957309353e-11
HISTORY r030_fine 57 2.4484180808870063e-11
HISTORY r030_fine 58 3.2956946133536067e-11
HISTORY r030_fine 59 3.600373786205461e-11
HISTORY r030_fine 60 3.8011418610009555e-11
HISTORY r030_fine 61 4.194286039558592e-11
HISTORY r030_fine 62 5.607590815496449e-11
HISTORY r030_fine 63 6.316938705150732e-11
HISTORY r030_fine 64 5.895059899271247e-11
HISTORY r030_fine 65 5.357560124190196e-11
HISTORY r030_fine 66 5.4236924888037285e-11
HISTORY r030_fine 67 6.133502295704052e-11
HISTORY r030_fine 68 6.286064428010235e-11
HISTORY r030_fine 69 4.9765763668163886e-11
HISTORY r030_fine 70 4.4381232365465365e-11
HISTORY r030_fine 71 4.6270583015833865e-11
HISTORY r030_fine 72 3.562384063658705e-11
HISTORY r030_fine 73 4.1985014464236183e-11
HISTORY r030_fine 74 2.450438769240382e-11
HISTORY r030_fine 75 3.0744559764746975e-11
HISTORY r030_fine 76 2.503358339767299e-11
HISTORY r030_fine 77 2.5053351232527943e-11
HISTORY r030_fine 78 2.8549258724576986e-11
HISTORY r030_fine 79 3.2008204425042116e-11
HISTORY r030_fine 80 4.8858485200564174e-11
HISTORY r030_fine 81 5.810260268625865e-11
HISTORY r030_fine 82 6.792052226102086e-11
HISTORY r030_fine 83 7.56347267416041e-11
HISTORY r030_fine 84 8.50482681533351e-11
HISTORY r030_fine 85 9.754256892415528e-11
HISTORY r030_fine 86 1.0852533917114357e-10
HISTORY r030_fine 87 1.2436162591843445e-10
HISTORY r030_fine 88 1.730951690226647e-10
HISTORY r030_fine 89 2.400350025058491e-10
HISTORY r030_fine 90 3.094278346290161e-10
HISTORY r030_fine 91 3.6424209187190376e-10
HISTORY r030_fine 92 4.0930714690460875e-10
HISTORY r030_fine 93 4.5419610322785835e-10
HISTORY r030_fine 94 4.952239491460448e-10
HISTORY r030_fine 95 1.0704066037373829e-12
HISTORY r030_fine 96 1.0229973213745722e-12
HISTORY r030_fine 97 1.0051093444765341e-12
HISTORY r030_fine 98 9.941177308098813e-13
HISTORY r030_fine 99 1.0369629315238912e-12
HISTORY r030_fine 100 1.0368428421835232e-12
HISTORY r030_fine 101 1.0372787070925312e-12
HISTORY r030_fine 102 1.007365423345325e-12
HISTORY r030_fine 103 1.0285915183813818e-12
HISTORY r030_fine 104 1.014018283565398e-12
HISTORY r030_fine 105 1.1196119450935027e-12
HISTORY r030_fine 106 1.05649817848929e-12
HISTORY r030_fine 107 1.0988483999768854e-12
HISTORY r030_fine 108 1.0300581095457691e-12
HISTORY r030_fine 109 1.0720844956679652e-12
HISTORY r030_fine 110 1.0624307961120756e-12
HISTORY r030_fine 111 1.0983227919316002e-12
HISTORY r030_fine 112 1.1035239749236183e-12
HISTORY r030_fine 113 1.020497687803243e-12
HISTORY r030_fine 114 1.1073410205687288e-12
HISTORY r030_fine 115 1.1233920644234868e-12
HISTORY r030_fine 116 1.1293479618116755e-12
HISTORY r030_fine 117 1.0976915730798079e-12
HISTORY r030_fine 118 1.207176842720651e-12
HISTORY r030_fine 119 1.1383783312448672e-12
HISTORY r030_fine 120 1.1115651050908006e-12
HISTORY r030_fine 121 1.1731523741782208e-12
HISTORY r030_fine 122 1.17155045156098e-12
HISTORY r030_fine 123 1.1934353442344378e-12
HISTORY r030_fine 124 1.145048970654019e-12
HISTORY r030_fine 125 1.1109799878128057e-12
HISTORY r030_fine 126 1.20089026691316e-12
HISTORY r030_fine 127 1.180094639985187e-12
HISTORY r030_fine 128 1.2612078434966198e-12
HISTORY r030_fine 129 1.2006412296762458e-12
HISTORY r030_fine 130 1.273005113586548e-12
HISTORY r030_fine 131 1.1997012663609519e-12
HISTORY r030_fine 132 1.3112322450985844e-12
HISTORY r030_fine 133 1.207049318992769e-12
HISTORY r030_fine 134 1.2557618909917315e-12
HISTORY r030_fine 135 1.2340600162756993e-12
HISTORY r030_fine 136 1.3040569922688657e-12
HISTORY r030_fine 137 1.2683810745998533e-12
HISTORY r030_fine 138 1.3176774849128683e-12
HISTORY r030_fine 139 1.2945659775725344e-12
HISTORY r030_fine 140 1.2892140733298045e-12
HISTORY r030_fine 141 1.5293023945737315e-12
HISTORY r030_fine 142 1.6025640715422109e-12
HISTORY r030_fine 143 1.759336305855006e-12
HISTORY r030_fine 144 1.896817941734923e-12
HISTORY r030_fine 145 1.9826211520044656e-12
HISTORY r030_fine 146 2.1665024451962216e-12
HISTORY r030_fine 147 2.3293851694294274e-12
HISTORY r030_fine 148 2.667282434637732e-12
HISTORY r030_fine 149 3.286892492134324e-12
HISTORY r030_fine 150 4.117586555510697e-12
HISTORY r030_fine 151 4.887593950550679e-12
HISTORY r030_fine 152 5.353534713124636e-12
HISTORY r030_fine 153 5.793823259466305e-12
HISTORY r030_fine 154 6.203920490382133e-12
HISTORY r030_fine 155 6.686102753954251e-12
HISTORY r030_fine 156 7.1738548645249145e-12
HISTORY r030_fine 157 8.786074245532333e-12
HISTORY r030_fine 158 1.1091799514412072e-11
HISTORY r030_fine 159 1.3286621752694664e-11
HISTORY r030_fine 160 1.4663218612891763e-11
HISTORY r030_fine 161 1.557236258014966e-11
HISTORY r030_fine 162 1.6437378065424602e-11
HISTORY r030_fine 163 1.7345100346061057e-11
HISTORY r030_fine 164 1.8218230790918264e-11
HISTORY r030_fine 165 2.1032008920289623e-11
HISTORY r030_fine 166 2.614566875663088e-11
HISTORY r030_fine 167 3.07514337492571e-11
HISTORY r030_fine 168 3.426282965375411e-11
HISTORY r030_fine 169 3.5647307034589395e-11
HISTORY r030_fine 170 3.7083987100454504e-11
HISTORY r030_fine 171 3.8163827669104555e-11
HISTORY r030_fine 172 3.9543506542950686e-11
HISTORY r030_fine 173 4.4119280951415085e-11
HISTORY r030_fine 174 5.333485958737066e-11
HISTORY r030_fine 175 6.228048643161267e-11
HISTORY r030_fine 176 6.737097527862812e-11
HISTORY r030_fine 177 6.935308314054706e-11
HISTORY r030_fine 178 7.035816031665304e-11
HISTORY r030_fine 179 7.127866033354701e-11
HISTORY r030_fine 180 7.226160703575656e-11
HISTORY r030_fine 181 8.12284487742902e-11
HISTORY r030_fine 182 9.494653555428391e-11
HISTORY r030_fine 183 1.0632235579315656e-10
HISTORY r030_fine 184 1.129066493709321e-10
HISTORY r030_fine 185 1.1384945711459152e-10
HISTORY r030_fine 186 1.1311441302669632e-10
HISTORY r030_fine 187 1.1275323918800179e-10
HISTORY r030_fine 188 1.1230604333779102e-10
HISTORY r030_fine 189 1.2746266116430456e-10
HISTORY r030_fine 190 1.4308497222992993e-10
HISTORY r030_fine 191 1.556059049259234e-10
