HISTORY r045_fine 0 3.635692902367545e-13
HISTORY r045_fine 1 3.1837018592967444e-13
HISTORY r045_fine 2 3.2631517753483946e-13
HISTORY r045_fine 3 3.3664248630371154e-13
HISTORY r045_fine 4 3.5374740912103283e-13
HISTORY r045_fine 5 3.483867988186326e-13
HISTORY r045_fine 6 3.480701937128624e-13
HISTORY r045_fine 7 3.447034553491044e-13
HISTORY r045_fine 8 1.1564699072045103e-12
HISTORY r045_fine 9 4.140819511644161e-12
HISTORY r045_fine 10 7.044820956311558e-13
HISTORY r045_fine 11 2.8640885241263e-11
HISTORY r045_fine 12 1.0277298877828068e-12
HISTORY r045_fine 13 5.465202234344415e-11
HISTORY r045_fine 14 4.5946865513108386e-11
HISTORY r045_fine 15 5.324254529405543e-11
HISTORY r045_fine 16 1.520675568760457e-10
HISTORY r045_fine 17 3.883892360168013e-11
HISTORY r045_fine 18 3.1102431332231277e-10
HISTORY r045_fine 19 1.577031985622681e-10
HISTORY r045_fine 20 2.0026062723361483e-10
HISTORY r045_fine 21 4.009135734633764e-10
HISTORY r045_fine 22 1.612878054067352e-10
HISTORY r045_fine 23 3.862745587371742e-10
HISTORY r045_fine 24 3.508214662499849e-10
HISTORY r045_fine 25 4.882262858706993e-10
HISTORY r045_fine 26 4.0353252378793937e-13
HISTORY r045_fine 27 2.7447786765731846e-10
HISTORY r045_fine 28 4.0267955975545043e-13
HISTORY r045_fine 29 3.770400015653244e-10
HISTORY r045_fine 30 3.8478842137557013e-13
HISTORY r045_fine 31 3.945434292680101e-13
HISTORY r045_fine 32 3.7524287703989234e-13
HISTORY r045_fine 33 3.7741892778667183e-13
HISTORY r045_fine 34 4.2743800464308664e-10
HISTORY r045_fine 35 3.6136174900031375e-13
HISTORY r045_fine 36 3.8893124981661143e-10
HISTORY r045_fine 37 3.3775436017380174e-10
HISTORY r045_fine 38 4.54797861622477e-10
HISTORY r045_fine 39 1.5035621007254194e-10
HISTORY r045_fine 40 3.3025712867818016e-10
HISTORY r045_fine 41 3.2279085623594387e-10
HISTORY r045_fine 42 2.506904435333421e-10
HISTORY r045_fine 43 3.470129547485853e-10
HISTORY r045_fine 44 2.1071230954715081e-10
HISTORY r045_fine 45 2.512521014992496e-10
HISTORY r045_fine 46 1.6970284549271525e-10
HISTORY r045_fine 47 1.33643574128002e-10
HISTORY r045_fine 48 7.98341795748161e-11
HISTORY r045_fine 49 8.646541518055804e-11
HISTORY r045_fine 50 1.1471636633373734e-10
HISTORY r045_fine 51 1.3727227080882999e-10
HISTORY r045_fine 52 1.910933695761386e-10
HISTORY r045_fine 53 2.2900935868572435e-10
HISTORY r045_fine 54 2.4313608855554227e-10
HISTORY r045_fine 55 3.1373172353627583e-10
HISTORY r045_fine 56 3.641877753057126e-10
HISTORY r045_fine 57 4.192465174109258e-10
HISTORY r045_fine 58 4.2052144662595045e-10
HISTORY r045_fine 59 4.619454566889433e-10
HISTORY r045_fine 60 3.8273233278235746e-10
HISTORY r045_fine 61 4.915124746499682e-10
HISTORY r045_fine 62 3.6459948417289016e-10
HISTORY r045_fine 63 3.047031214917532e-10
HISTORY r045_fine 64 3.095749642604685e-10
HISTORY r045_fine 65 2.2203035014156903e-10
HISTORY r045_fine 66 3.772046334956584e-10
HISTORY r045_fine 67 3.6634884884301444e-10
HISTORY r045_fine 68 3.515580630924161e-10
HISTORY r045_fine 69 3.872022733175326e-10
HISTORY r045_fine 70 1.05074343624239e-12
HISTORY r045_fine 71 1.3946744935467189e-12
HISTORY r045_fine 72 1.4025462404300815e-12
HISTORY r045_fine 73 1.8992619846225025e-12
HISTORY r045_fine 74 1.7586313151929763e-12
HISTORY r045_fine 75 2.2556059540228156e-12
HISTORY r045_fine 76 2.0095749765675658e-12
HISTORY r045_fine 77 2.5214666046773156e-12
HISTORY r045_fine 78 2.2091908287419537e-12
HISTORY r045_fine 79 2.5999067022084233e-12
HISTORY r045_fine 80 2.2843774121828535e-12
HISTORY r045_fine 81 2.6186889468703385e-12
HISTORY r045_fine 82 2.418170330314097e-12
HISTORY r045_fine 83 2.395091103106668e-12
HISTORY r045_fine 84 2.3369536687231453e-12
HISTORY r045_fine 85 2.185052303775349e-12
HISTORY r045_fine 86 2.189260130973783e-12
HISTORY r045_fine 87 1.8369248736687548e-12
HISTORY r045_fine 88 1.8396380770174613e-12
HISTORY r045_fine 89 1.5223633420697733e-12
HISTORY r045_fine 90 1.4693584930764499e-12
HISTORY r045_fine 91 1.1768650735770339e-12
HISTORY r045_fine 92 1.042679620046909e-12
HISTORY r045_fine 93 8.849891699079985e-13
HISTORY r045_fine 94 6.967151145748638e-13
HISTORY r045_fine 95 6.111312942628467e-13
HISTORY r045_fine 96 5.172866574749409e-13
HISTORY r045_fine 97 5.003297590594885e-13
HISTORY r045_fine 98 4.831449791385848e-13
HISTORY r045_fine 99 5.575245333092655e-13
HISTORY r045_fine 100 5.106867327863182e-13
HISTORY r045_fine 101 4.981218871040847e-13
HISTORY r045_fine 102 4.839408067737784e-13
HISTORY r045_fine 103 5.267723062181539e-13
HISTORY r045_fine 104 5.305077243998307e-13
HISTORY r045_fine 105 6.474151404593634e-13
HISTORY r045_fine 106 8.696733474764731e-13
HISTORY r045_fine 107 9.327678949394099e-13
HISTORY r045_fine 108 1.0356098879982964e-12
HISTORY r045_fine 109 1.3452710854711683e-12
HISTORY r045_fine 110 2.0571971858548655e-12
HISTORY r045_fine 111 2.3562108565356827e-12
HISTORY r045_fine 112 2.612056435266976e-12
HISTORY r045_fine 113 2.8725244270525446e-12
HISTORY r045_fine 114 4.761997195477669e-12
HISTORY r045_fine 115 6.004028142288306e-12
HISTORY r045_fine 116 6.571345990121703e-12
HISTORY r045_fine 117 7.1237840794552365e-12
HISTORY r045_fine 118 1.0153423822867553e-11
HISTORY r045_fine 119 1.4042764987505323e-11
HISTORY r045_fine 120 1.5475955293795857e-11
HISTORY r045_fine 121 1.6501387997588272e-11
HISTORY r045_fine 122 2.0486137273745954e-11
HISTORY r045_fine 123 2.992435881707388e-11
HISTORY r045_fine 124 3.3943283539183546e-11
HISTORY r045_fine 125 3.5601712108243645e-11
HISTORY r045_fine 126 3.869116159791447e-11
HISTORY r045_fine 127 5.882493680193301e-11
HISTORY r045_fine 128 6.940047743528654e-11
HISTORY r045_fine 129 7.184081097565398e-11
HISTORY r045_fine 130 7.454089000362846e-11
HISTORY r045_fine 131 1.0713918517074194e-10
HISTORY r045_fine 132 1.3152867131253088e-10
HISTORY r045_fine 133 1.3520648200360389e-10
HISTORY r045_fine 134 1.3855385740529692e-10
HISTORY r045_fine 135 1.8307281145132525e-10
HISTORY r045_fine 136 2.3108978318035516e-10
HISTORY r045_fine 137 2.3841116310933744e-10
HISTORY r045_fine 138 2.3988107624976427e-10
HISTORY r045_fine 139 2.9489426758537997e-10
HISTORY r045_fine 140 3.7871077858109024e-10
HISTORY r045_fine 141 3.9340691944448165e-10
HISTORY r045_fine 142 3.910980487779731e-10
HISTORY r045_fine 143 4.505081696333245e-10
HISTORY r045_fine 144 6.189745452261029e-13
HISTORY r045_fine 145 6.370430741998788e-13
HISTORY r045_fine 146 6.495996948751123e-13
HISTORY r045_fine 147 6.74470684667593e-13
HISTORY r045_fine 148 6.326572557559253e-13
HISTORY r045_fine 149 6.610068339463714e-13
HISTORY r045_fine 150 7.296191477150406e-13
HISTORY r045_fine 151 6.244263431482294e-13
HISTORY r045_fine 152 6.589225512511869e-13
HISTORY r045_fine 153 6.453856184378244e-13
HISTORY r045_fine 154 6.461161897855702e-13
HISTORY r045_fine 155 6.464414450135896e-13
HISTORY r045_fine 156 6.617621216777619e-13
HISTORY r045_fine 157 6.721435948965086e-13
HISTORY r045_fine 158 6.503712809332348e-13
HISTORY r045_fine 159 6.944047810527439e-13
