HISTORY r060_fine 0 2.523956974266686e-13
HISTORY r060_fine 1 2.1875164853160237e-13
HISTORY r060_fine 2 2.341179373550565e-13
HISTORY r060_fine 3 2.2720151083186114e-13
HISTORY r060_fine 4 2.3326831762978895e-13
HISTORY r060_fine 5 2.5858301315531114e-13
HISTORY r060_fine 6 2.397652188243911e-13
HISTORY r060_fine 7 1.459576779602834e-11
HISTORY r060_fine 8 2.509841923221739e-12
HISTORY r060_fine 9 2.231709844280683e-11
HISTORY r060_fine 10 1.8450728584443042e-10
HISTORY r060_fine 11 1.6897742363869956e-11
HISTORY r060_fine 12 3.3639483737918376e-10
HISTORY r060_fine 13 4.731285282955147e-10
HISTORY r060_fine 14 1.0551600637718549e-10
HISTORY r060_fine 15 1.9661068960642512e-13
HISTORY r060_fine 16 1.9283055761048433e-13
HISTORY r060_fine 17 2.1458556225183528e-13
HISTORY r060_fine 18 2.728697985003339e-13
HISTORY r060_fine 19 2.9508617488453436e-13
HISTORY r060_fine 20 2.8476490912463185e-13
HISTORY r060_fine 21 5.517219785860879e-13
HISTORY r060_fine 22 2.8511394689056435e-13
HISTORY r060_fine 23 5.465667938244458e-13
HISTORY r060_fine 24 1.1484115253760291e-12
HISTORY r060_fine 25 7.418747450775892e-13
HISTORY r060_fine 26 1.0074602884780486e-12
HISTORY r060_fine 27 1.1874215969606825e-12
HISTORY r060_fine 28 2.947465367913531e-13
HISTORY r060_fine 29 1.4549533732976406e-12
HISTORY r060_fine 30 1.6671192358709236e-12
HISTORY r060_fine 31 1.4817102316828167e-12
HISTORY r060_fine 32 1.5907581432972221e-12
HISTORY r060_fine 33 1.2267406088712788e-12
HISTORY r060_fine 34 9.839963677018367e-13
HISTORY r060_fine 35 1.358228348021308e-12
HISTORY r060_fine 36 6.01027157947343e-13
HISTORY r060_fine 37 6.306591734805471e-13
HISTORY r060_fine 38 9.520046733467445e-13
HISTORY r060_fine 39 7.856921550130109e-13
HISTORY r060_fine 40 7.69429885388857e-13
HISTORY r060_fine 41 7.958819346371021e-13
HISTORY r060_fine 42 7.787340330141504e-13
HISTORY r060_fine 43 6.455544723521085e-13
HISTORY r060_fine 44 4.3881338481917656e-13
HISTORY r060_fine 45 2.8002649992363137e-13
HISTORY r060_fine 46 2.1135357142561893e-13
HISTORY r060_fine 47 2.2093677113286879e-13
HISTORY r060_fine 48 2.096648750558664e-13
HISTORY r060_fine 49 2.1534250159084386e-13
HISTORY r060_fine 50 2.0515478592481136e-13
HISTORY r060_fine 51 2.021476340574311e-13
HISTORY r060_fine 52 2.1284298055797523e-13
HISTORY r060_fine 53 2.3695120503315164e-13
HISTORY r060_fine 54 3.6897785528825596e-13
HISTORY r060_fine 55 6.373073720585529e-13
HISTORY r060_fine 56 1.0949781016418582e-12
HISTORY r060_fine 57 1.8529535733735825e-12
HISTORY r060_fine 58 2.331839215864538e-12
HISTORY r060_fine 59 3.854844307533118e-12
HISTORY r060_fine 60 5.5018797821598725e-12
HISTORY r060_fine 61 6.687561954136401e-12
HISTORY r060_fine 62 1.0183778521869895e-11
HISTORY r060_fine 63 1.1378654172126998e-11
HISTORY r060_fine 64 1.2994926882803005e-11
HISTORY r060_fine 65 1.8774045367608977e-11
HISTORY r060_fine 66 1.8256050062261734e-11
HISTORY r060_fine 67 1.9295507827287627e-11
HISTORY r060_fine 68 2.5445590083611643e-11
HISTORY r060_fine 69 2.2848706837487096e-11
HISTORY r060_fine 70 2.2938702982023273e-11
HISTORY r060_fine 71 2.7621738615063966e-11
HISTORY r060_fine 72 2.317492641159221e-11
HISTORY r060_fine 73 2.151601922116591e-11
HISTORY r060_fine 74 2.4183507099963807e-11
HISTORY r060_fine 75 1.9546234001764005e-11
HISTORY r060_fine 76 1.6376817950164188e-11
HISTORY r060_fine 77 1.6389078330635305e-11
HISTORY r060_fine 78 1.3643966116516803e-11
HISTORY r060_fine 79 1.106151269497062e-11
HISTORY r060_fine 80 9.469732310512194e-12
HISTORY r060_fine 81 7.474514525575361e-12
HISTORY r060_fine 82 6.326625906235631e-12
HISTORY r060_fine 83 4.719797155708547e-12
HISTORY r060_fine 84 3.753711028495436e-12
HISTORY r060_fine 85 3.4594128787142588e-12
HISTORY r060_fine 86 2.696617635621062e-12
HISTORY r060_fine 87 2.4135631963880144e-12
HISTORY r060_fine 88 2.4155878880020306e-12
HISTORY r060_fine 89 1.9828959387520877e-12
HISTORY r060_fine 90 1.9787648197110616e-12
HISTORY r060_fine 91 2.4060160537693865e-12
HISTORY r060_fine 92 2.56593009734387e-12
HISTORY r060_fine 93 2.638462583981873e-12
HISTORY r060_fine 94 4.316492394767955e-12
HISTORY r060_fine 95 5.072803422905605e-12
HISTORY r060_fine 96 5.343464789102066e-12
HISTORY r060_fine 97 9.479048075251808e-12
HISTORY r060_fine 98 1.1268262369489562e-11
HISTORY r060_fine 99 1.198102007613127e-11
HISTORY r060_fine 100 2.0693977800665432e-11
HISTORY r060_fine 101 2.4574631277248488e-11
HISTORY r060_fine 102 2.5681859846326292e-11
HISTORY r060_fine 103 4.331195286597337e-11
HISTORY r060_fine 104 5.079386664703187e-11
HISTORY r060_fine 105 5.248441049093703e-11
HISTORY r060_fine 106 8.71217956774956e-11
HISTORY r060_fine 107 9.916980817837246e-11
HISTORY r060_fine 108 1.0227382108375153e-10
HISTORY r060_fine 109 1.6705516293173505e-10
HISTORY r060_fine 110 1.8492925103512068e-10
HISTORY r060_fine 111 1.8802838949974734e-10
HISTORY r060_fine 112 3.034932232554135e-10
HISTORY r060_fine 113 3.288459298554214e-10
HISTORY r060_fine 114 3.2950647442840894e-10
HISTORY r060_fine 115 2.857465194053987e-13
HISTORY r060_fine 116 2.9946131440931256e-13
HISTORY r060_fine 117 2.8972413600025674e-13
HISTORY r060_fine 118 2.7618566672427616e-13
HISTORY r060_fine 119 2.8634521789180244e-13
HISTORY r060_fine 120 3.118702949176876e-13
HISTORY r060_fine 121 2.933505664582208e-13
HISTORY r060_fine 122 2.9417780496569876e-13
HISTORY r060_fine 123 3.0984632891849627e-13
HISTORY r060_fine 124 3.0165387519546474e-13
HISTORY r060_fine 125 3.220537106948855e-13
HISTORY r060_fine 126 3.308855843307953e-13
HISTORY r060_fine 127 3.089482014915243e-13
