{
  "field_labels": 187904,
  "campaigns": 7,
  "pair_blocks": 896,
  "tight_trace_inward_ratio": 7.943948134289204,
  "maximum_primary_RMS_reference_mismatch": 0.0017965036751732555,
  "largest_primary_specific_convergence_fraction": 2.53738559810035e-05,
  "screen100_max_percent": 0.014242261877635751,
  "primary_rows": [
    {
      "center": 0.6,
      "observable": "trace",
      "delta_rad": 0.25,
      "uniform_sphere": 0,
      "effective_sphere_fraction": 0.06120868647605686,
      "sigma_M": 0.02,
      "longitudinal_M": 0.25,
      "angular_proper_center_M": 0.15,
      "curvature_length_center_M": 0.1765698573829627,
      "support_min_r": 0.4302265108822559,
      "support_max_r": 0.7407810774998662,
      "variance": 21035413.95251458,
      "reference_variance": 21111198.509112995,
      "source_RMS": 4586.438046296339,
      "reference_RMS": 4594.692428129765,
      "source_to_reference_RMS": 0.9982034963248267,
      "mean_background_sqrtK": 32.374003952313075,
      "relative_curvature_RMS_per_epsilon": 3560.565469408938,
      "epsilon_example": 1e-09,
      "percent_example": 0.00035605654694089383,
      "minimum_screen_length_M": 0.02,
      "time_width_Planck_example": 632.4555320336758,
      "minimum_separation_at_unit_ratio": 1.1934094803392403,
      "time_width_Planck_at_formal_unit": 1.1934094803392403
    },
    {
      "center": 0.45,
      "observable": "trace",
      "delta_rad": 0.21650635094610965,
      "uniform_sphere": 0,
      "effective_sphere_fraction": 0.046147130182091683,
      "sigma_M": 0.01299038105676658,
      "longitudinal_M": 0.16237976320958225,
      "angular_proper_center_M": 0.09742785792574934,
      "curvature_length_center_M": 0.11468548652718077,
      "support_min_r": 0.3165380464298436,
      "support_max_r": 0.5616331177843681,
      "variance": 660540838.1881564,
      "reference_variance": 662908956.5087627,
      "source_RMS": 25700.989050776945,
      "reference_RMS": 25747.01840036556,
      "source_to_reference_RMS": 0.9982122454385646,
      "mean_background_sqrtK": 76.80368123792553,
      "relative_curvature_RMS_per_epsilon": 8410.225873604848,
      "epsilon_example": 1e-09,
      "percent_example": 0.0008410225873604849,
      "minimum_screen_length_M": 0.01299038105676658,
      "time_width_Planck_example": 410.79191812887456,
      "minimum_separation_at_unit_ratio": 1.1913125602338028,
      "time_width_Planck_at_formal_unit": 1.1913125602338028
    },
    {
      "center": 0.3,
      "observable": "trace",
      "delta_rad": 0.1767766952966369,
      "uniform_sphere": 0,
      "effective_sphere_fraction": 0.030925830453123852,
      "sigma_M": 0.007071067811865476,
      "longitudinal_M": 0.08838834764831845,
      "angular_proper_center_M": 0.053033008588991064,
      "curvature_length_center_M": 0.062426871754317256,
      "support_min_r": 0.2071283197610527,
      "support_max_r": 0.37826215723983025,
      "variance": 85247656681.22061,
      "reference_variance": 85551485672.50099,
      "source_RMS": 291972.0135239345,
      "reference_RMS": 292491.8557370461,
      "source_to_reference_RMS": 0.9982227121784242,
      "mean_background_sqrtK": 259.43329338934046,
      "relative_curvature_RMS_per_epsilon": 28284.9474177257,
      "epsilon_example": 1e-09,
      "percent_example": 0.0028284947417725704,
      "minimum_screen_length_M": 0.007071067811865476,
      "time_width_Planck_example": 223.606797749979,
      "minimum_separation_at_unit_ratio": 1.1892213296465404,
      "time_width_Planck_at_formal_unit": 1.1892213296465404
    }
  ],
  "time_rows": [
    {
      "center": 0.6,
      "observable": "time_projection",
      "delta_rad": 0.25,
      "uniform_sphere": 0,
      "effective_sphere_fraction": 0.06120868647605686,
      "sigma_M": 0.02,
      "longitudinal_M": 0.25,
      "angular_proper_center_M": 0.15,
      "curvature_length_center_M": 0.1765698573829627,
      "support_min_r": 0.4302265108822559,
      "support_max_r": 0.7407810774998662,
      "variance": 5337306.199190752,
      "reference_variance": 5333243.472168681,
      "source_RMS": 2310.2610673235076,
      "reference_RMS": 2309.3816211637004,
      "source_to_reference_RMS": 1.0003808145660065,
      "mean_background_sqrtK": 32.374003952313075,
      "relative_curvature_RMS_per_epsilon": 1793.5128957589393,
      "epsilon_example": 1e-09,
      "percent_example": 0.00017935128957589396,
      "minimum_screen_length_M": 0.02,
      "time_width_Planck_example": 632.4555320336758,
      "minimum_separation_at_unit_ratio": 0.8469977321714478,
      "time_width_Planck_at_formal_unit": 0.8469977321714478
    },
    {
      "center": 0.45,
      "observable": "time_projection",
      "delta_rad": 0.21650635094610965,
      "uniform_sphere": 0,
      "effective_sphere_fraction": 0.046147130182091683,
      "sigma_M": 0.01299038105676658,
      "longitudinal_M": 0.16237976320958225,
      "angular_proper_center_M": 0.09742785792574934,
      "curvature_length_center_M": 0.11468548652718077,
      "support_min_r": 0.3165380464298436,
      "support_max_r": 0.5616331177843681,
      "variance": 167637167.235697,
      "reference_variance": 167475243.98095644,
      "source_RMS": 12947.47725372387,
      "reference_RMS": 12941.222661748636,
      "source_to_reference_RMS": 1.0004833076548263,
      "mean_background_sqrtK": 76.80368123792553,
      "relative_curvature_RMS_per_epsilon": 4236.848939239049,
      "epsilon_example": 1e-09,
      "percent_example": 0.00042368489392390497,
      "minimum_screen_length_M": 0.01299038105676658,
      "time_width_Planck_example": 410.79191812887456,
      "minimum_separation_at_unit_ratio": 0.8455579569116416,
      "time_width_Planck_at_formal_unit": 0.8455579569116416
    },
    {
      "center": 0.3,
      "observable": "time_projection",
      "delta_rad": 0.1767766952966369,
      "uniform_sphere": 0,
      "effective_sphere_fraction": 0.030925830453123852,
      "sigma_M": 0.007071067811865476,
      "longitudinal_M": 0.08838834764831845,
      "angular_proper_center_M": 0.053033008588991064,
      "curvature_length_center_M": 0.062426871754317256,
      "support_min_r": 0.2071283197610527,
      "support_max_r": 0.37826215723983025,
      "variance": 21640633928.470646,
      "reference_variance": 21614363812.823772,
      "source_RMS": 147107.55904599413,
      "reference_RMS": 147018.24312929253,
      "source_to_reference_RMS": 1.0006075158755845,
      "mean_background_sqrtK": 259.43329338934046,
      "relative_curvature_RMS_per_epsilon": 14251.124695637409,
      "epsilon_example": 1e-09,
      "percent_example": 0.001425112469563741,
      "minimum_screen_length_M": 0.007071067811865476,
      "time_width_Planck_example": 223.606797749979,
      "minimum_separation_at_unit_ratio": 0.8441304607593964,
      "time_width_Planck_at_formal_unit": 0.8441304607593964
    }
  ]
}
